<testsuite tests="1" failures="0">
    <testcase classname="DummyTest" name="testSuccess"/>
</testsuite>
